#-----------------------------------------------------------
# Webtalk v2019.2 (64-bit)
# SW Build 2708876 on Wed Nov  6 21:40:23 MST 2019
# IP Build 2700528 on Thu Nov  7 00:09:20 MST 2019
# Start of session at: Sat Dec 19 18:20:34 2020
# Process ID: 25788
# Current directory: C:/Users/George/Edge-Detection/camera_interface/camera_interface.sim/sim_1/behav/xsim
# Command line: wbtcv.exe -mode batch -source C:/Users/George/Edge-Detection/camera_interface/camera_interface.sim/sim_1/behav/xsim/xsim.dir/camera_read_tb_behav/webtalk/xsim_webtalk.tcl -notrace
# Log file: C:/Users/George/Edge-Detection/camera_interface/camera_interface.sim/sim_1/behav/xsim/webtalk.log
# Journal file: C:/Users/George/Edge-Detection/camera_interface/camera_interface.sim/sim_1/behav/xsim\webtalk.jou
#-----------------------------------------------------------
source C:/Users/George/Edge-Detection/camera_interface/camera_interface.sim/sim_1/behav/xsim/xsim.dir/camera_read_tb_behav/webtalk/xsim_webtalk.tcl -notrace
