#-----------------------------------------------------------
# Vivado v2019.2 (64-bit)
# SW Build 2708876 on Wed Nov  6 21:40:23 MST 2019
# IP Build 2700528 on Thu Nov  7 00:09:20 MST 2019
# Start of session at: Sun Feb  7 21:57:23 2021
# Process ID: 26960
# Current directory: C:/Users/George/Edge-Detection/test-config_vga
# Command line: vivado.exe -gui_launcher_event rodinguilauncherevent30592 C:\Users\George\Edge-Detection\test-config_vga\test-config_vga.xpr
# Log file: C:/Users/George/Edge-Detection/test-config_vga/vivado.log
# Journal file: C:/Users/George/Edge-Detection/test-config_vga\vivado.jou
#-----------------------------------------------------------
start_gui
open_project C:/Users/George/Edge-Detection/test-config_vga/test-config_vga.xpr
update_compile_order -fileset sources_1
launch_simulation
launch_simulation
source test_top.tcl
file mkdir C:/Users/George/Edge-Detection/test-config_vga/test-config_vga.srcs/sim_1/new
set_property SOURCE_SET sources_1 [get_filesets sim_1]
close [ open C:/Users/George/Edge-Detection/test-config_vga/test-config_vga.srcs/sim_1/new/test_tb.v w ]
add_files -fileset sim_1 C:/Users/George/Edge-Detection/test-config_vga/test-config_vga.srcs/sim_1/new/test_tb.v
update_compile_order -fileset sim_1
relaunch_sim
close_sim
launch_simulation
source test_top.tcl
update_compile_order -fileset sim_1
run 3 us
relaunch_sim
relaunch_sim
launch_simulation
save_wave_config {C:/Users/George/Edge-Detection/test-config_vga/test_top_behav.wcfg}
add_files -fileset sim_1 -norecurse C:/Users/George/Edge-Detection/test-config_vga/test_top_behav.wcfg
set_property xsim.view C:/Users/George/Edge-Detection/test-config_vga/test_top_behav.wcfg [get_filesets sim_1]
close_sim
launch_simulation
open_wave_config C:/Users/George/Edge-Detection/test-config_vga/test_top_behav.wcfg
source test_tb.tcl
relaunch_sim
run 3 us
run 3 us
relaunch_sim
relaunch_sim
run 3 us
relaunch_sim
relaunch_sim
relaunch_sim
relaunch_sim
relaunch_sim
relaunch_sim
relaunch_sim
relaunch_sim
close_sim
