#-----------------------------------------------------------
# Vivado v2020.2 (64-bit)
# SW Build 3064766 on Wed Nov 18 09:12:45 MST 2020
# IP Build 3064653 on Wed Nov 18 14:17:31 MST 2020
# Start of session at: Wed Mar 31 18:24:13 2021
# Process ID: 12800
# Current directory: C:/Users/George/Desktop/Edge-Detection/HDMI_test2
# Command line: vivado.exe -gui_launcher_event rodinguilauncherevent14148 C:\Users\George\Desktop\Edge-Detection\HDMI_test2\HDMI_test2.xpr
# Log file: C:/Users/George/Desktop/Edge-Detection/HDMI_test2/vivado.log
# Journal file: C:/Users/George/Desktop/Edge-Detection/HDMI_test2\vivado.jou
#-----------------------------------------------------------
start_gui
open_project C:/Users/George/Desktop/Edge-Detection/HDMI_test2/HDMI_test2.xpr
add_files -norecurse {C:/Users/George/Desktop/Edge-Detection/HDMI_test2/HDMI_test2.srcs/sources_1/new/MasterControl.v C:/Users/George/Desktop/Edge-Detection/HDMI_test2/HDMI_test2.srcs/sources_1/new/OV7670_config_rom.v C:/Users/George/Desktop/Edge-Detection/HDMI_test2/HDMI_test2.srcs/sources_1/new/OV7670_config.v C:/Users/George/Desktop/Edge-Detection/HDMI_test2/HDMI_test2.srcs/sources_1/new/SCCB_interface.v C:/Users/George/Desktop/Edge-Detection/HDMI_test2/HDMI_test2.srcs/sources_1/new/camera_configure.v}
update_compile_order -fileset sources_1
update_compile_order -fileset sources_1
open_project C:/Users/George/Desktop/Edge-Detection/Archive/test_HDMI/test_HDMI.xpr
update_compile_order -fileset sources_1
open_bd_design {C:/Users/George/Desktop/Edge-Detection/Archive/test_HDMI/test_HDMI.srcs/sources_1/bd/BRAM_1_FIFO/BRAM_1_FIFO.bd}
current_project HDMI_test2
create_bd_design "CamRead_FIFO"
update_compile_order -fileset sources_1
startgroup
create_bd_cell -type ip -vlnv xilinx.com:ip:fifo_generator:13.2 fifo_generator_0
endgroup
set_property -dict [list CONFIG.Fifo_Implementation {Independent_Clocks_Builtin_FIFO} CONFIG.Input_Data_Width {8} CONFIG.Input_Depth {512} CONFIG.Output_Data_Width {8} CONFIG.Output_Depth {512} CONFIG.Reset_Type {Asynchronous_Reset} CONFIG.Use_Dout_Reset {false} CONFIG.Data_Count_Width {9} CONFIG.Write_Data_Count_Width {9} CONFIG.Read_Data_Count_Width {9} CONFIG.Read_Clock_Frequency {100} CONFIG.Write_Clock_Frequency {25} CONFIG.Full_Threshold_Assert_Value {505} CONFIG.Full_Threshold_Negate_Value {504} CONFIG.Empty_Threshold_Assert_Value {5} CONFIG.Empty_Threshold_Negate_Value {6}] [get_bd_cells fifo_generator_0]
startgroup
apply_bd_automation -rule xilinx.com:bd_rule:clkrst -config { Clk {New Clocking Wizard} Freq {100} Ref_Clk0 {} Ref_Clk1 {} Ref_Clk2 {}}  [get_bd_pins fifo_generator_0/rd_clk]
apply_bd_automation -rule xilinx.com:bd_rule:clkrst -config { Clk {New Clocking Wizard} Freq {100} Ref_Clk0 {} Ref_Clk1 {} Ref_Clk2 {}}  [get_bd_pins fifo_generator_0/wr_clk]
endgroup
delete_bd_objs [get_bd_nets clk_wiz_1_clk_out1] [get_bd_cells clk_wiz_1]
delete_bd_objs [get_bd_nets clk_wiz_clk_out1] [get_bd_cells clk_wiz]
startgroup
make_bd_intf_pins_external  [get_bd_intf_pins fifo_generator_0/FIFO_WRITE]
endgroup
startgroup
make_bd_intf_pins_external  [get_bd_intf_pins fifo_generator_0/FIFO_READ]
endgroup
startgroup
make_bd_pins_external  [get_bd_pins fifo_generator_0/rst]
endgroup
startgroup
make_bd_pins_external  [get_bd_pins fifo_generator_0/wr_clk]
endgroup
startgroup
make_bd_pins_external  [get_bd_pins fifo_generator_0/rd_clk]
endgroup
generate_target all [get_files  C:/Users/George/Desktop/Edge-Detection/HDMI_test2/HDMI_test2.srcs/sources_1/bd/CamRead_FIFO/CamRead_FIFO.bd]
catch { config_ip_cache -export [get_ips -all CamRead_FIFO_fifo_generator_0_0] }
export_ip_user_files -of_objects [get_files C:/Users/George/Desktop/Edge-Detection/HDMI_test2/HDMI_test2.srcs/sources_1/bd/CamRead_FIFO/CamRead_FIFO.bd] -no_script -sync -force -quiet
create_ip_run [get_files -of_objects [get_fileset sources_1] C:/Users/George/Desktop/Edge-Detection/HDMI_test2/HDMI_test2.srcs/sources_1/bd/CamRead_FIFO/CamRead_FIFO.bd]
launch_runs CamRead_FIFO_fifo_generator_0_0_synth_1 -jobs 4
wait_on_run CamRead_FIFO_fifo_generator_0_0_synth_1
export_simulation -of_objects [get_files C:/Users/George/Desktop/Edge-Detection/HDMI_test2/HDMI_test2.srcs/sources_1/bd/CamRead_FIFO/CamRead_FIFO.bd] -directory C:/Users/George/Desktop/Edge-Detection/HDMI_test2/HDMI_test2.ip_user_files/sim_scripts -ip_user_files_dir C:/Users/George/Desktop/Edge-Detection/HDMI_test2/HDMI_test2.ip_user_files -ipstatic_source_dir C:/Users/George/Desktop/Edge-Detection/HDMI_test2/HDMI_test2.ip_user_files/ipstatic -lib_map_path [list {modelsim=C:/Users/George/Desktop/Edge-Detection/HDMI_test2/HDMI_test2.cache/compile_simlib/modelsim} {questa=C:/Users/George/Desktop/Edge-Detection/HDMI_test2/HDMI_test2.cache/compile_simlib/questa} {riviera=C:/Users/George/Desktop/Edge-Detection/HDMI_test2/HDMI_test2.cache/compile_simlib/riviera} {activehdl=C:/Users/George/Desktop/Edge-Detection/HDMI_test2/HDMI_test2.cache/compile_simlib/activehdl}] -use_ip_compiled_libs -force -quiet
add_files -norecurse C:/Users/George/Desktop/Edge-Detection/Archive/test_HDMI/test_HDMI.srcs/sources_1/new/camera_read.v
update_compile_order -fileset sources_1
close [ open C:/Users/George/Desktop/Edge-Detection/HDMI_test2/HDMI_test2.srcs/sources_1/new/CamRead_input.v w ]
add_files C:/Users/George/Desktop/Edge-Detection/HDMI_test2/HDMI_test2.srcs/sources_1/new/CamRead_input.v
update_compile_order -fileset sources_1
current_project test_HDMI
current_project HDMI_test2
set_property is_enabled false [get_files  C:/Users/George/Desktop/Edge-Detection/Archive/test_HDMI/test_HDMI.srcs/sources_1/new/camera_read.v]
add_files -norecurse C:/Users/George/Desktop/Edge-Detection/Archive/test_HDMI/test_HDMI.srcs/sources_1/new/camera_interface_output.v
update_compile_order -fileset sources_1
close [ open C:/Users/George/Desktop/Edge-Detection/HDMI_test2/HDMI_test2.srcs/sources_1/new/CamRead_output.v w ]
add_files C:/Users/George/Desktop/Edge-Detection/HDMI_test2/HDMI_test2.srcs/sources_1/new/CamRead_output.v
update_compile_order -fileset sources_1
open_bd_design {C:/Users/George/Desktop/Edge-Detection/HDMI_test2/HDMI_test2.srcs/sources_1/bd/CamRead_FIFO/CamRead_FIFO.bd}
startgroup
set_property -dict [list CONFIG.Write_Acknowledge_Flag {true}] [get_bd_cells fifo_generator_0]
endgroup
startgroup
make_bd_pins_external  [get_bd_pins fifo_generator_0/wr_ack]
endgroup
generate_target all [get_files  C:/Users/George/Desktop/Edge-Detection/HDMI_test2/HDMI_test2.srcs/sources_1/bd/CamRead_FIFO/CamRead_FIFO.bd]
catch { config_ip_cache -export [get_ips -all CamRead_FIFO_fifo_generator_0_0] }
export_ip_user_files -of_objects [get_files C:/Users/George/Desktop/Edge-Detection/HDMI_test2/HDMI_test2.srcs/sources_1/bd/CamRead_FIFO/CamRead_FIFO.bd] -no_script -sync -force -quiet
create_ip_run [get_files -of_objects [get_fileset sources_1] C:/Users/George/Desktop/Edge-Detection/HDMI_test2/HDMI_test2.srcs/sources_1/bd/CamRead_FIFO/CamRead_FIFO.bd]
launch_runs CamRead_FIFO_fifo_generator_0_0_synth_1 -jobs 4
wait_on_run CamRead_FIFO_fifo_generator_0_0_synth_1
export_simulation -of_objects [get_files C:/Users/George/Desktop/Edge-Detection/HDMI_test2/HDMI_test2.srcs/sources_1/bd/CamRead_FIFO/CamRead_FIFO.bd] -directory C:/Users/George/Desktop/Edge-Detection/HDMI_test2/HDMI_test2.ip_user_files/sim_scripts -ip_user_files_dir C:/Users/George/Desktop/Edge-Detection/HDMI_test2/HDMI_test2.ip_user_files -ipstatic_source_dir C:/Users/George/Desktop/Edge-Detection/HDMI_test2/HDMI_test2.ip_user_files/ipstatic -lib_map_path [list {modelsim=C:/Users/George/Desktop/Edge-Detection/HDMI_test2/HDMI_test2.cache/compile_simlib/modelsim} {questa=C:/Users/George/Desktop/Edge-Detection/HDMI_test2/HDMI_test2.cache/compile_simlib/questa} {riviera=C:/Users/George/Desktop/Edge-Detection/HDMI_test2/HDMI_test2.cache/compile_simlib/riviera} {activehdl=C:/Users/George/Desktop/Edge-Detection/HDMI_test2/HDMI_test2.cache/compile_simlib/activehdl}] -use_ip_compiled_libs -force -quiet
current_project test_HDMI
current_project HDMI_test2
make_wrapper -files [get_files C:/Users/George/Desktop/Edge-Detection/HDMI_test2/HDMI_test2.srcs/sources_1/bd/CamRead_FIFO/CamRead_FIFO.bd] -top
import_files -force -norecurse c:/Users/George/Desktop/Edge-Detection/HDMI_test2/HDMI_test2.gen/sources_1/bd/CamRead_FIFO/hdl/CamRead_FIFO_wrapper.v
set_property is_enabled false [get_files  C:/Users/George/Desktop/Edge-Detection/Archive/test_HDMI/test_HDMI.srcs/sources_1/new/camera_interface_output.v]
update_compile_order -fileset sources_1
open_bd_design {C:/Users/George/Desktop/Edge-Detection/HDMI_test2/HDMI_test2.srcs/sources_1/bd/CamRead_FIFO/CamRead_FIFO.bd}
startgroup
set_property -dict [list CONFIG.Valid_Flag {true}] [get_bd_cells fifo_generator_0]
endgroup
startgroup
make_bd_pins_external  [get_bd_pins fifo_generator_0/valid]
endgroup
generate_target all [get_files  C:/Users/George/Desktop/Edge-Detection/HDMI_test2/HDMI_test2.srcs/sources_1/bd/CamRead_FIFO/CamRead_FIFO.bd]
catch { config_ip_cache -export [get_ips -all CamRead_FIFO_fifo_generator_0_0] }
export_ip_user_files -of_objects [get_files C:/Users/George/Desktop/Edge-Detection/HDMI_test2/HDMI_test2.srcs/sources_1/bd/CamRead_FIFO/CamRead_FIFO.bd] -no_script -sync -force -quiet
create_ip_run [get_files -of_objects [get_fileset sources_1] C:/Users/George/Desktop/Edge-Detection/HDMI_test2/HDMI_test2.srcs/sources_1/bd/CamRead_FIFO/CamRead_FIFO.bd]
launch_runs CamRead_FIFO_fifo_generator_0_0_synth_1 -jobs 4
wait_on_run CamRead_FIFO_fifo_generator_0_0_synth_1
export_simulation -of_objects [get_files C:/Users/George/Desktop/Edge-Detection/HDMI_test2/HDMI_test2.srcs/sources_1/bd/CamRead_FIFO/CamRead_FIFO.bd] -directory C:/Users/George/Desktop/Edge-Detection/HDMI_test2/HDMI_test2.ip_user_files/sim_scripts -ip_user_files_dir C:/Users/George/Desktop/Edge-Detection/HDMI_test2/HDMI_test2.ip_user_files -ipstatic_source_dir C:/Users/George/Desktop/Edge-Detection/HDMI_test2/HDMI_test2.ip_user_files/ipstatic -lib_map_path [list {modelsim=C:/Users/George/Desktop/Edge-Detection/HDMI_test2/HDMI_test2.cache/compile_simlib/modelsim} {questa=C:/Users/George/Desktop/Edge-Detection/HDMI_test2/HDMI_test2.cache/compile_simlib/questa} {riviera=C:/Users/George/Desktop/Edge-Detection/HDMI_test2/HDMI_test2.cache/compile_simlib/riviera} {activehdl=C:/Users/George/Desktop/Edge-Detection/HDMI_test2/HDMI_test2.cache/compile_simlib/activehdl}] -use_ip_compiled_libs -force -quiet
current_project test_HDMI
current_project HDMI_test2
close [ open C:/Users/George/Desktop/Edge-Detection/HDMI_test2/HDMI_test2.srcs/sources_1/new/CamRead_Top.v w ]
add_files C:/Users/George/Desktop/Edge-Detection/HDMI_test2/HDMI_test2.srcs/sources_1/new/CamRead_Top.v
update_compile_order -fileset sources_1
close [ open C:/Users/George/Desktop/Edge-Detection/HDMI_test2/HDMI_test2.srcs/sources_1/new/The_Top.v w ]
add_files C:/Users/George/Desktop/Edge-Detection/HDMI_test2/HDMI_test2.srcs/sources_1/new/The_Top.v
update_compile_order -fileset sources_1
update_compile_order -fileset sources_1
create_ip_run [get_files -of_objects [get_fileset sources_1] C:/Users/George/Desktop/Edge-Detection/HDMI_test2/HDMI_test2.srcs/sources_1/bd/CamRead_FIFO/CamRead_FIFO.bd]
synth_design -rtl -rtl_skip_mlo -name rtl_1
create_ip_run [get_files -of_objects [get_fileset sources_1] C:/Users/George/Desktop/Edge-Detection/HDMI_test2/HDMI_test2.srcs/sources_1/bd/CamRead_FIFO/CamRead_FIFO.bd]
synth_design -rtl -rtl_skip_mlo -name rtl_1
close_project
